
> clico-quiz@0.0.0 build
> tsc -b && vite build

[36mvite v8.0.2 [32mbuilding client environment for production...[36m[39m
[2K
transforming...Ô£ô 2818 modules transformed.
